// Jest Snapshot v1, https://goo.gl/fbAQLP

exports[`customBlocks transform 1`] = `
"var __custom_block_1__ = \\"// My Docs Block\\";

/* script */

/* template */
var __vue_render__ = function() {
  var _vm = this;
  var _h = _vm.$createElement;
  var _c = _vm._self._c || _h;
  return _c(\\"div\\", [_vm._v(\\"Hello, world\\")])
};
var __vue_staticRenderFns__ = [];
__vue_render__._withStripped = true;

  /* style */
  const __vue_inject_styles__ = undefined;
  /* scoped */
  const __vue_scope_id__ = undefined;
  /* module identifier */
  const __vue_module_identifier__ = undefined;
  /* functional template */
  const __vue_is_functional_template__ = false;
  /* component normalizer */
  const __vue_normalize__ = vue-runtime-helpers/dist/normalize-component.mjs;
  /* style inject */
  
  /* style inject SSR */
  
  /* style inject shadow dom */
  

  
  const __vue_component__ = __vue_normalize__(
    { render: __vue_render__, staticRenderFns: __vue_staticRenderFns__ },
    __vue_inject_styles__,
    {},
    __vue_scope_id__,
    __vue_is_functional_template__,
    __vue_module_identifier__,
    false,
    undefined,
    undefined,
    undefined
  );
__custom_block_1__(__vue_component__);

export default __vue_component__;
"
`;
